
sukar@LAPTOP-41OEPACG MINGW64 ~/OneDrive/Desktop/Workshop 2
$ mkdir playgorund

sukar@LAPTOP-41OEPACG MINGW64 ~/OneDrive/Desktop/Workshop 2
$ ls
playgorund/

sukar@LAPTOP-41OEPACG MINGW64 ~/OneDrive/Desktop/Workshop 2
$ cd playgorund

sukar@LAPTOP-41OEPACG MINGW64 ~/OneDrive/Desktop/Workshop 2/playgorund
$ git init
Initialized empty Git repository in C:/Users/sukar/OneDrive/Desktop/Workshop 2/playgorund/.git/

sukar@LAPTOP-41OEPACG MINGW64 ~/OneDrive/Desktop/Workshop 2/playgorund (master)
$ ls -Force
ls: unknown option -- e
Try 'ls --help' for more information.

sukar@LAPTOP-41OEPACG MINGW64 ~/OneDrive/Desktop/Workshop 2/playgorund (master)
$ ls

sukar@LAPTOP-41OEPACG MINGW64 ~/OneDrive/Desktop/Workshop 2/playgorund (master)
$ code .

sukar@LAPTOP-41OEPACG MINGW64 ~/OneDrive/Desktop/Workshop 2/playgorund (master)
$ dir/a
bash: dir/a: No such file or directory

sukar@LAPTOP-41OEPACG MINGW64 ~/OneDrive/Desktop/Workshop 2/playgorund (master)
$ ls -a
./  ../  .git/

sukar@LAPTOP-41OEPACG MINGW64 ~/OneDrive/Desktop/Workshop 2/playgorund (master)
$ git status
On branch master

No commits yet

Untracked files:
  (use "git add <file>..." to include in what will be committed)
        file.txt

nothing added to commit but untracked files present (use "git add" to track)

sukar@LAPTOP-41OEPACG MINGW64 ~/OneDrive/Desktop/Workshop 2/playgorund (master)
$ touch tes.txt

sukar@LAPTOP-41OEPACG MINGW64 ~/OneDrive/Desktop/Workshop 2/playgorund (master)
$ git status
On branch master

No commits yet

Untracked files:
  (use "git add <file>..." to include in what will be committed)
        file.txt
        tes.txt

nothing added to commit but untracked files present (use "git add" to track)

sukar@LAPTOP-41OEPACG MINGW64 ~/OneDrive/Desktop/Workshop 2/playgorund (master)
$ git add .

sukar@LAPTOP-41OEPACG MINGW64 ~/OneDrive/Desktop/Workshop 2/playgorund (master)
$ git status
On branch master

No commits yet

Changes to be committed:
  (use "git rm --cached <file>..." to unstage)
        new file:   file.txt
        new file:   tes.txt


sukar@LAPTOP-41OEPACG MINGW64 ~/OneDrive/Desktop/Workshop 2/playgorund (master)
$ git catch file.txt
git: 'catch' is not a git command. See 'git --help'.

The most similar commands are
        fetch
        stash

sukar@LAPTOP-41OEPACG MINGW64 ~/OneDrive/Desktop/Workshop 2/playgorund (master)
$ ls
file.txt  tes.txt

sukar@LAPTOP-41OEPACG MINGW64 ~/OneDrive/Desktop/Workshop 2/playgorund (master)
$ "git rm --cached tes.txt
> "
bash: $'git rm --cached tes.txt\n': command not found

sukar@LAPTOP-41OEPACG MINGW64 ~/OneDrive/Desktop/Workshop 2/playgorund (master)
$ git rm --cached tes.txt
rm 'tes.txt'

sukar@LAPTOP-41OEPACG MINGW64 ~/OneDrive/Desktop/Workshop 2/playgorund (master)
$ git status
On branch master

No commits yet

Changes to be committed:
  (use "git rm --cached <file>..." to unstage)
        new file:   file.txt

Untracked files:
  (use "git add <file>..." to include in what will be committed)
        tes.txt


sukar@LAPTOP-41OEPACG MINGW64 ~/OneDrive/Desktop/Workshop 2/playgorund (master)
$ rm tes.txt

sukar@LAPTOP-41OEPACG MINGW64 ~/OneDrive/Desktop/Workshop 2/playgorund (master)
$ git commit -m "Masi kosong"
[master (root-commit) cee60e2] Masi kosong
 1 file changed, 0 insertions(+), 0 deletions(-)
 create mode 100644 file.txt
bash: /mingw64/bin/git: Device or resource busy

sukar@LAPTOP-41OEPACG MINGW64 ~/OneDrive/Desktop/Workshop 2/playgorund (master)
$ git status
On branch master
Changes not staged for commit:
  (use "git add <file>..." to update what will be committed)
  (use "git restore <file>..." to discard changes in working directory)
        modified:   file.txt

no changes added to commit (use "git add" and/or "git commit -a")

sukar@LAPTOP-41OEPACG MINGW64 ~/OneDrive/Desktop/Workshop 2/playgorund (master)
$ git add .

sukar@LAPTOP-41OEPACG MINGW64 ~/OneDrive/Desktop/Workshop 2/playgorund (master)
$ git status
On branch master
Changes to be committed:
  (use "git restore --staged <file>..." to unstage)
        modified:   file.txt


sukar@LAPTOP-41OEPACG MINGW64 ~/OneDrive/Desktop/Workshop 2/playgorund (master)
$ git status
On branch master
nothing to commit, working tree clean

sukar@LAPTOP-41OEPACG MINGW64 ~/OneDrive/Desktop/Workshop 2/playgorund (master)
$ git log
commit 39c9e785d006e08a9006bfd8ba5126633dc1e58b (HEAD -> master)
Author: Juanresq <Juan.risq@gmail.com>
Date:   Fri Jun 7 16:54:41 2024 +0800

    sudah berisi

commit cee60e287927220f6e4f30a2f74d0bfcaac1375c
Author: Juanresq <Juan.risq@gmail.com>
Date:   Fri Jun 7 16:49:38 2024 +0800

    Masi kosong

sukar@LAPTOP-41OEPACG MINGW64 ~/OneDrive/Desktop/Workshop 2/playgorund (master)
$ git remote add origin https://github.com/JUANRESQ/ayam.git

sukar@LAPTOP-41OEPACG MINGW64 ~/OneDrive/Desktop/Workshop 2/playgorund (master)
$ git remote -v
origin  https://github.com/JUANRESQ/ayam.git (fetch)
origin  https://github.com/JUANRESQ/ayam.git (push)

sukar@LAPTOP-41OEPACG MINGW64 ~/OneDrive/Desktop/Workshop 2/playgorund (master)
$ git branch -M main

sukar@LAPTOP-41OEPACG MINGW64 ~/OneDrive/Desktop/Workshop 2/playgorund (main)
$ git push -u origin main

Enumerating objects: 6, done.
Counting objects: 100% (6/6), done.
Delta compression using up to 4 threads
Compressing objects: 100% (2/2), done.
Writing objects: 100% (6/6), 431 bytes | 143.00 KiB/s, done.
Total 6 (delta 0), reused 0 (delta 0), pack-reused 0
To https://github.com/JUANRESQ/ayam.git
 * [new branch]      main -> main
Branch 'main' set up to track remote branch 'main' from 'origin'.

sukar@LAPTOP-41OEPACG MINGW64 ~/OneDrive/Desktop/Workshop 2/playgorund (main)
$
